// Jest Snapshot v1, https://goo.gl/fbAQLP

exports[`<HomepageComponent /> should render correctly 1`] = `
<div>
  <Typography
    component="h1"
    text="Login"
  />
  <Form
    onSubmit={[Function]}
  >
    <Component
      component="input"
      id={1}
      label="username"
      onChange={[Function]}
      type="text"
      value=""
    />
    <Component
      component="input"
      id={2}
      label="password"
      onChange={[Function]}
      type="password"
      value=""
    />
  </Form>
</div>
`;
