// Jest Snapshot v1, https://goo.gl/fbAQLP

exports[`<Form /> should render correctly 1`] = `
<form
  className="form undefined"
  onSubmit={[Function]}
>
  <input
    className="form__submit"
    type="submit"
    value="submit"
  />
</form>
`;
